2025-03-22 14:03:00 | INFO | repo=pv243-a4m36jee-2016-web-seminar-autumn | action=commit
2025-02-27 17:20:00 | WARN | repo=pv243-a4m36jee-2016-web-seminar-autumn | action=commit
2025-03-08 12:48:00 | WARN | repo=pv243-a4m36jee-2016-web-seminar-autumn | action=test | passed=true
2025-02-15 19:38:00 | INFO | repo=pv243-a4m36jee-2016-web-seminar-autumn | action=pull
2025-05-03 20:45:00 | INFO | repo=pv243-a4m36jee-2016-web-seminar-autumn | action=test | passed=true
2025-05-25 18:04:00 | WARN | repo=pv243-a4m36jee-2016-web-seminar-autumn | action=pull
2025-10-03 08:57:00 | DEBUG | repo=pv243-a4m36jee-2016-web-seminar-autumn | action=edit | files=3
2025-06-05 15:54:00 | DEBUG | repo=pv243-a4m36jee-2016-web-seminar-autumn | action=commit
2025-02-27 13:01:00 | WARN | repo=pv243-a4m36jee-2016-web-seminar-autumn | action=commit
2025-10-15 09:38:00 | WARN | repo=pv243-a4m36jee-2016-web-seminar-autumn | action=commit
2025-04-12 07:36:00 | INFO | repo=pv243-a4m36jee-2016-web-seminar-autumn | action=commit
2025-08-09 11:04:00 | WARN | repo=pv243-a4m36jee-2016-web-seminar-autumn | action=edit | files=1
2025-08-11 09:47:00 | WARN | repo=pv243-a4m36jee-2016-web-seminar-autumn | action=pull
2025-05-12 11:00:00 | WARN | repo=pv243-a4m36jee-2016-web-seminar-autumn | action=test | passed=true
2025-04-17 20:01:00 | WARN | repo=pv243-a4m36jee-2016-web-seminar-autumn | action=pull
2025-12-24 18:17:00 | DEBUG | repo=pv243-a4m36jee-2016-web-seminar-autumn | action=edit | files=2
2025-01-03 15:42:00 | WARN | repo=pv243-a4m36jee-2016-web-seminar-autumn | action=commit
2025-09-16 21:20:00 | WARN | repo=pv243-a4m36jee-2016-web-seminar-autumn | action=commit
2025-07-25 16:57:00 | DEBUG | repo=pv243-a4m36jee-2016-web-seminar-autumn | action=edit | files=3
2025-01-25 10:10:00 | DEBUG | repo=pv243-a4m36jee-2016-web-seminar-autumn | action=pull
2025-11-02 19:28:00 | INFO | repo=pv243-a4m36jee-2016-web-seminar-autumn | action=commit
2025-10-27 21:15:00 | INFO | repo=pv243-a4m36jee-2016-web-seminar-autumn | action=commit
2025-11-20 08:18:00 | WARN | repo=pv243-a4m36jee-2016-web-seminar-autumn | action=commit
2025-12-21 15:12:00 | DEBUG | repo=pv243-a4m36jee-2016-web-seminar-autumn | action=edit | files=5
2025-08-26 10:00:00 | WARN | repo=pv243-a4m36jee-2016-web-seminar-autumn | action=test | passed=true
2025-04-07 07:01:00 | DEBUG | repo=pv243-a4m36jee-2016-web-seminar-autumn | action=edit | files=4
2025-08-13 12:20:00 | INFO | repo=pv243-a4m36jee-2016-web-seminar-autumn | action=edit | files=5
2025-10-10 18:52:00 | INFO | repo=pv243-a4m36jee-2016-web-seminar-autumn | action=pull
2025-10-22 12:38:00 | INFO | repo=pv243-a4m36jee-2016-web-seminar-autumn | action=commit
2025-04-26 07:26:00 | DEBUG | repo=pv243-a4m36jee-2016-web-seminar-autumn | action=commit
2025-11-24 18:17:00 | INFO | repo=pv243-a4m36jee-2016-web-seminar-autumn | action=commit
2025-07-09 21:59:00 | INFO | repo=pv243-a4m36jee-2016-web-seminar-autumn | action=edit | files=5
2025-03-07 09:18:00 | INFO | repo=pv243-a4m36jee-2016-web-seminar-autumn | action=commit
2025-10-01 18:39:00 | INFO | repo=pv243-a4m36jee-2016-web-seminar-autumn | action=commit
2025-07-11 19:41:00 | INFO | repo=pv243-a4m36jee-2016-web-seminar-autumn | action=pull
2025-01-16 13:12:00 | INFO | repo=pv243-a4m36jee-2016-web-seminar-autumn | action=pull
2025-11-02 19:17:00 | WARN | repo=pv243-a4m36jee-2016-web-seminar-autumn | action=commit
2025-04-15 10:39:00 | INFO | repo=pv243-a4m36jee-2016-web-seminar-autumn | action=commit
2025-08-28 19:13:00 | DEBUG | repo=pv243-a4m36jee-2016-web-seminar-autumn | action=commit
2025-12-09 18:51:00 | WARN | repo=pv243-a4m36jee-2016-web-seminar-autumn | action=commit
2025-12-25 21:23:00 | INFO | repo=pv243-a4m36jee-2016-web-seminar-autumn | action=commit
2025-07-28 19:23:00 | DEBUG | repo=pv243-a4m36jee-2016-web-seminar-autumn | action=test | passed=true
2025-09-28 07:37:00 | DEBUG | repo=pv243-a4m36jee-2016-web-seminar-autumn | action=commit
2025-06-09 11:40:00 | WARN | repo=pv243-a4m36jee-2016-web-seminar-autumn | action=pull
2025-06-04 13:14:00 | DEBUG | repo=pv243-a4m36jee-2016-web-seminar-autumn | action=commit
2025-08-08 21:50:00 | WARN | repo=pv243-a4m36jee-2016-web-seminar-autumn | action=test | passed=true
2025-11-19 14:26:00 | INFO | repo=pv243-a4m36jee-2016-web-seminar-autumn | action=commit
2025-07-18 20:04:00 | WARN | repo=pv243-a4m36jee-2016-web-seminar-autumn | action=commit
2025-05-06 08:32:00 | DEBUG | repo=pv243-a4m36jee-2016-web-seminar-autumn | action=edit | files=2
2025-11-24 12:16:00 | DEBUG | repo=pv243-a4m36jee-2016-web-seminar-autumn | action=pull
2025-08-04 21:30:00 | DEBUG | repo=pv243-a4m36jee-2016-web-seminar-autumn | action=pull
2025-04-15 10:50:00 | WARN | repo=pv243-a4m36jee-2016-web-seminar-autumn | action=commit
2025-06-20 18:32:00 | DEBUG | repo=pv243-a4m36jee-2016-web-seminar-autumn | action=commit
2025-10-04 17:57:00 | DEBUG | repo=pv243-a4m36jee-2016-web-seminar-autumn | action=commit
2025-09-05 19:15:00 | DEBUG | repo=pv243-a4m36jee-2016-web-seminar-autumn | action=commit
2025-07-19 16:10:00 | INFO | repo=pv243-a4m36jee-2016-web-seminar-autumn | action=test | passed=true
2025-01-21 07:58:00 | DEBUG | repo=pv243-a4m36jee-2016-web-seminar-autumn | action=pull
2025-05-21 15:11:00 | WARN | repo=pv243-a4m36jee-2016-web-seminar-autumn | action=commit
2025-04-17 08:40:00 | WARN | repo=pv243-a4m36jee-2016-web-seminar-autumn | action=commit
2025-06-17 16:42:00 | WARN | repo=pv243-a4m36jee-2016-web-seminar-autumn | action=commit
2025-10-24 20:23:00 | DEBUG | repo=pv243-a4m36jee-2016-web-seminar-autumn | action=commit
2025-08-17 07:59:00 | INFO | repo=pv243-a4m36jee-2016-web-seminar-autumn | action=commit
2025-05-25 13:29:00 | WARN | repo=pv243-a4m36jee-2016-web-seminar-autumn | action=commit
2025-10-26 20:40:00 | DEBUG | repo=pv243-a4m36jee-2016-web-seminar-autumn | action=commit
2025-04-22 17:26:00 | WARN | repo=pv243-a4m36jee-2016-web-seminar-autumn | action=commit
2025-03-27 15:33:00 | WARN | repo=pv243-a4m36jee-2016-web-seminar-autumn | action=pull
2025-03-17 12:19:00 | DEBUG | repo=pv243-a4m36jee-2016-web-seminar-autumn | action=commit
2025-07-17 17:16:00 | WARN | repo=pv243-a4m36jee-2016-web-seminar-autumn | action=edit | files=4
2025-07-05 10:29:00 | DEBUG | repo=pv243-a4m36jee-2016-web-seminar-autumn | action=pull
2025-12-20 19:05:00 | INFO | repo=pv243-a4m36jee-2016-web-seminar-autumn | action=test | passed=true
2025-02-03 16:18:00 | INFO | repo=pv243-a4m36jee-2016-web-seminar-autumn | action=commit
2025-05-05 11:28:00 | DEBUG | repo=pv243-a4m36jee-2016-web-seminar-autumn | action=commit
2025-03-10 21:46:00 | DEBUG | repo=pv243-a4m36jee-2016-web-seminar-autumn | action=commit
2025-07-26 19:42:00 | DEBUG | repo=pv243-a4m36jee-2016-web-seminar-autumn | action=test | passed=true
2025-10-11 12:10:00 | DEBUG | repo=pv243-a4m36jee-2016-web-seminar-autumn | action=commit
2025-10-27 08:54:00 | WARN | repo=pv243-a4m36jee-2016-web-seminar-autumn | action=commit
2025-04-10 11:25:00 | INFO | repo=pv243-a4m36jee-2016-web-seminar-autumn | action=commit
2025-06-27 15:59:00 | DEBUG | repo=pv243-a4m36jee-2016-web-seminar-autumn | action=commit
2025-06-02 21:18:00 | DEBUG | repo=pv243-a4m36jee-2016-web-seminar-autumn | action=commit
2025-10-02 19:13:00 | WARN | repo=pv243-a4m36jee-2016-web-seminar-autumn | action=test | passed=true
2025-05-09 19:49:00 | DEBUG | repo=pv243-a4m36jee-2016-web-seminar-autumn | action=edit | files=4
2025-11-01 10:34:00 | DEBUG | repo=pv243-a4m36jee-2016-web-seminar-autumn | action=commit
2025-11-25 20:37:00 | WARN | repo=pv243-a4m36jee-2016-web-seminar-autumn | action=commit
2025-03-27 19:58:00 | DEBUG | repo=pv243-a4m36jee-2016-web-seminar-autumn | action=test | passed=true
2025-08-05 08:02:00 | DEBUG | repo=pv243-a4m36jee-2016-web-seminar-autumn | action=commit
2025-12-05 07:50:00 | WARN | repo=pv243-a4m36jee-2016-web-seminar-autumn | action=commit
2025-12-25 09:42:00 | INFO | repo=pv243-a4m36jee-2016-web-seminar-autumn | action=commit
2025-02-28 11:37:00 | DEBUG | repo=pv243-a4m36jee-2016-web-seminar-autumn | action=test | passed=true
2025-10-25 08:03:00 | INFO | repo=pv243-a4m36jee-2016-web-seminar-autumn | action=test | passed=true
2025-06-18 07:04:00 | INFO | repo=pv243-a4m36jee-2016-web-seminar-autumn | action=commit
2025-01-18 10:08:00 | INFO | repo=pv243-a4m36jee-2016-web-seminar-autumn | action=commit
2025-12-02 11:18:00 | DEBUG | repo=pv243-a4m36jee-2016-web-seminar-autumn | action=pull
2025-08-09 12:06:00 | DEBUG | repo=pv243-a4m36jee-2016-web-seminar-autumn | action=commit
2025-05-17 13:01:00 | INFO | repo=pv243-a4m36jee-2016-web-seminar-autumn | action=test | passed=true
2025-05-27 20:18:00 | WARN | repo=pv243-a4m36jee-2016-web-seminar-autumn | action=edit | files=1
2025-09-12 08:51:00 | DEBUG | repo=pv243-a4m36jee-2016-web-seminar-autumn | action=commit
2025-12-22 15:18:00 | WARN | repo=pv243-a4m36jee-2016-web-seminar-autumn | action=commit
2025-03-26 12:44:00 | WARN | repo=pv243-a4m36jee-2016-web-seminar-autumn | action=commit
2025-12-26 08:54:00 | INFO | repo=pv243-a4m36jee-2016-web-seminar-autumn | action=test | passed=true
2025-12-19 12:00:00 | INFO | repo=pv243-a4m36jee-2016-web-seminar-autumn | action=commit
2025-11-20 16:00:00 | INFO | repo=pv243-a4m36jee-2016-web-seminar-autumn | action=pull
2025-02-16 13:23:00 | WARN | repo=pv243-a4m36jee-2016-web-seminar-autumn | action=commit
2025-12-24 21:19:00 | WARN | repo=pv243-a4m36jee-2016-web-seminar-autumn | action=edit | files=3
2025-03-14 14:14:00 | DEBUG | repo=pv243-a4m36jee-2016-web-seminar-autumn | action=edit | files=4
2025-09-24 15:53:00 | INFO | repo=pv243-a4m36jee-2016-web-seminar-autumn | action=commit
2025-09-19 20:22:00 | INFO | repo=pv243-a4m36jee-2016-web-seminar-autumn | action=commit
2025-05-03 09:46:00 | DEBUG | repo=pv243-a4m36jee-2016-web-seminar-autumn | action=commit
2025-01-06 19:45:00 | DEBUG | repo=pv243-a4m36jee-2016-web-seminar-autumn | action=commit
2025-10-21 18:00:00 | DEBUG | repo=pv243-a4m36jee-2016-web-seminar-autumn | action=pull
2025-10-17 10:48:00 | WARN | repo=pv243-a4m36jee-2016-web-seminar-autumn | action=pull
2025-08-01 08:42:00 | DEBUG | repo=pv243-a4m36jee-2016-web-seminar-autumn | action=commit
2025-03-14 09:52:00 | INFO | repo=pv243-a4m36jee-2016-web-seminar-autumn | action=edit | files=1
2025-01-13 13:05:00 | INFO | repo=pv243-a4m36jee-2016-web-seminar-autumn | action=pull
2025-06-15 13:34:00 | INFO | repo=pv243-a4m36jee-2016-web-seminar-autumn | action=pull
2025-11-11 15:32:00 | DEBUG | repo=pv243-a4m36jee-2016-web-seminar-autumn | action=edit | files=1
2025-03-12 16:42:00 | DEBUG | repo=pv243-a4m36jee-2016-web-seminar-autumn | action=commit
2025-02-19 17:31:00 | INFO | repo=pv243-a4m36jee-2016-web-seminar-autumn | action=commit
2025-11-22 07:57:00 | WARN | repo=pv243-a4m36jee-2016-web-seminar-autumn | action=commit
